// Jest Snapshot v1, https://goo.gl/fbAQLP

exports[`BottomBar component renders correctly 1`] = `
<View>
  <Text />
  <View>
    <Image
      source={
        Object {
          "testUri": "../../../app/Images/Icons/sets.png",
        }
      }
    />
    <Text>
      0
    </Text>
    <Text>
      sets
    </Text>
  </View>
  <Text />
  <View
    accessible={true}
    isTVSelectable={true}
    onResponderGrant={[Function]}
    onResponderMove={[Function]}
    onResponderRelease={[Function]}
    onResponderTerminate={[Function]}
    onResponderTerminationRequest={[Function]}
    onStartShouldSetResponder={[Function]}
    style={
      Object {
        "opacity": 1,
      }
    }
  >
    <View
      style={
        Array [
          undefined,
          Object {
            "flexDirection": null,
            "height": 48,
            "width": 375,
          },
          undefined,
        ]
      }
    >
      <Text
        style={
          Array [
            Array [
              undefined,
              Object {
                "lineHeight": 48,
              },
            ],
            Object {
              "color": undefined,
            },
          ]
        }
      >
        VIEW
      </Text>
    </View>
  </View>
</View>
`;
